// Vitest Snapshot v1

exports[`Accordion > should render correctly 1`] = `
<div>
  <div
    class=" css-1fpvnjx-StyledRoot e555ywc2"
  >
    <div
      aria-disabled="false"
      aria-expanded="false"
      class=" e555ywc0 css-wfitgk-StyledTypography-StyledLabel e1bct5r50"
      role="button"
      tabindex="0"
    >
      <div
        class="css-du18qm"
        name="DropDownXS"
      >
        <svg
          focusable="false"
          height="12"
          viewBox="0 0 12 12"
          width="12"
          xmlns="http://www.w3.org/2000/svg"
        >
          <path
            class="color0"
            d="M5.99994 8.65 1.4 4.05l.7-.7L6 7.25l3.9-3.9.7.7z"
            fill="var(--colors-acce1)"
          />
        </svg>
      </div>
    </div>
    <div
      class=" css-1av53l8-StyledContainer e555ywc1"
      hidden=""
      role="region"
    />
  </div>
</div>
`;
