// Vitest Snapshot v1, https://vitest.dev/guide/snapshot.html

exports[`VerticalNavigation - Actions > should render correctly 1`] = `
<div>
  <ul
    class="HvVerticalNavigationTreeView-root css-1xsm1gc-StyledRoot e7gq1cg0"
  >
    <li
      class="HvVerticalNavigationTreeViewItem-node HvVerticalNavigationTreeViewItem-selectable HvVerticalNavigationTreeViewItem-unselected css-1y9s9wc-StyledNode er1eqbm1"
      data-hasicon="true"
      id="hvtreeview2-1"
    >
      <div
        class="HvVerticalNavigationTreeViewItem-content er1eqbm0 HvTypography-root HvTypography-body css-1gfazkx-getStyledComponent-StyledContent e1tnpalo0"
        id="hvtreeview2-1-button"
        role="button"
        style="padding-left: 0px;"
        tabindex="0"
      >
        <div
          class="css-f95wjz"
          name="Play"
        >
          <svg
            focusable="false"
            height="16"
            viewBox="0 0 16 16"
            width="16"
            xmlns="http://www.w3.org/2000/svg"
          >
            <path
              class="color0"
              d="M12.984 8 2 1.723v12.554L12.984 8M15 8 1 16V0z"
              fill="var(--uikit-colors-acce1)"
            />
          </svg>
        </div>
        System
      </div>
      <ul
        class="HvVerticalNavigationTreeViewItem-group css-zinev9-StyledGroup er1eqbm2"
        id="hvtreeview2-1-group"
      >
        <li
          class="HvVerticalNavigationTreeViewItem-node HvVerticalNavigationTreeViewItem-selectable HvVerticalNavigationTreeViewItem-unselected css-1y9s9wc-StyledNode er1eqbm1"
          id="hvtreeview2-2"
        >
          <div
            class="HvVerticalNavigationTreeViewItem-content er1eqbm0 HvTypography-root HvTypography-body css-1gfazkx-getStyledComponent-StyledContent e1tnpalo0"
            id="hvtreeview2-2-button"
            role="button"
            style="padding-left: 20px;"
            tabindex="0"
          >
            SCPodF
          </div>
          <ul
            class="HvVerticalNavigationTreeViewItem-group css-zinev9-StyledGroup er1eqbm2"
            id="hvtreeview2-2-group"
          >
            <li
              class="HvVerticalNavigationTreeViewItem-node HvVerticalNavigationTreeViewItem-disabled css-1y9s9wc-StyledNode er1eqbm1"
              id="hvtreeview2-3"
            >
              <div
                class="HvVerticalNavigationTreeViewItem-content er1eqbm0 HvTypography-root HvTypography-placeholderText css-1k3b862-getStyledComponent-StyledContent e1tnpalo0"
                id="hvtreeview2-3-button"
                role="button"
                style="padding-left: 30px;"
                tabindex="0"
              >
                Compute
              </div>
            </li>
            <li
              class="HvVerticalNavigationTreeViewItem-node HvVerticalNavigationTreeViewItem-selectable HvVerticalNavigationTreeViewItem-unselected css-1y9s9wc-StyledNode er1eqbm1"
              id="hvtreeview2-4"
            >
              <div
                class="HvVerticalNavigationTreeViewItem-content er1eqbm0 HvTypography-root HvTypography-body css-1gfazkx-getStyledComponent-StyledContent e1tnpalo0"
                id="hvtreeview2-4-button"
                role="button"
                style="padding-left: 30px;"
                tabindex="0"
              >
                Storage
              </div>
            </li>
            <li
              class="HvVerticalNavigationTreeViewItem-node HvVerticalNavigationTreeViewItem-unselectable css-1y9s9wc-StyledNode er1eqbm1"
              id="hvtreeview2-5"
            >
              <div
                class="HvVerticalNavigationTreeViewItem-content er1eqbm0 HvTypography-root HvTypography-body css-1gfazkx-getStyledComponent-StyledContent e1tnpalo0"
                id="hvtreeview2-5-button"
                role="button"
                style="padding-left: 30px;"
                tabindex="-1"
              >
                Ethernet
              </div>
            </li>
            <li
              class="HvVerticalNavigationTreeViewItem-node HvVerticalNavigationTreeViewItem-selectable HvVerticalNavigationTreeViewItem-unselected css-1y9s9wc-StyledNode er1eqbm1"
              id="hvtreeview2-6"
            >
              <div
                class="HvVerticalNavigationTreeViewItem-content er1eqbm0 HvTypography-root HvTypography-body css-1gfazkx-getStyledComponent-StyledContent e1tnpalo0"
                id="hvtreeview2-6-button"
                role="button"
                style="padding-left: 30px;"
                tabindex="0"
              >
                Fiber Channel
              </div>
            </li>
          </ul>
        </li>
      </ul>
    </li>
    <li
      class="HvVerticalNavigationTreeViewItem-node HvVerticalNavigationTreeViewItem-selectable HvVerticalNavigationTreeViewItem-unselected css-1y9s9wc-StyledNode er1eqbm1"
      data-hasicon="true"
      id="hvtreeview2-7"
    >
      <div
        class="HvVerticalNavigationTreeViewItem-content er1eqbm0 HvTypography-root HvTypography-body css-1gfazkx-getStyledComponent-StyledContent e1tnpalo0"
        id="hvtreeview2-7-button"
        role="button"
        style="padding-left: 0px;"
        tabindex="0"
      >
        <div
          class="css-f95wjz"
          name="Stop"
        >
          <svg
            focusable="false"
            height="16"
            viewBox="0 0 16 16"
            width="16"
            xmlns="http://www.w3.org/2000/svg"
          >
            <path
              class="color0"
              d="M14 14H2V2h12zM3 13h10V3H3z"
              fill="var(--uikit-colors-acce1)"
            />
          </svg>
        </div>
        Administration
      </div>
      <ul
        class="HvVerticalNavigationTreeViewItem-group css-zinev9-StyledGroup er1eqbm2"
        id="hvtreeview2-7-group"
      >
        <li
          class="HvVerticalNavigationTreeViewItem-node HvVerticalNavigationTreeViewItem-selectable HvVerticalNavigationTreeViewItem-unselected css-1y9s9wc-StyledNode er1eqbm1"
          id="hvtreeview2-8"
        >
          <div
            class="HvVerticalNavigationTreeViewItem-content er1eqbm0 HvTypography-root HvTypography-body css-1gfazkx-getStyledComponent-StyledContent e1tnpalo0"
            id="hvtreeview2-8-button"
            role="button"
            style="padding-left: 20px;"
            tabindex="0"
          >
            Rest API
          </div>
        </li>
        <li
          class="HvVerticalNavigationTreeViewItem-node HvVerticalNavigationTreeViewItem-selectable HvVerticalNavigationTreeViewItem-unselected css-1y9s9wc-StyledNode er1eqbm1"
          id="hvtreeview2-9"
        >
          <div
            class="HvVerticalNavigationTreeViewItem-content er1eqbm0 HvTypography-root HvTypography-body css-1gfazkx-getStyledComponent-StyledContent e1tnpalo0"
            id="hvtreeview2-9-button"
            role="button"
            style="padding-left: 20px;"
            tabindex="0"
          >
            License
          </div>
        </li>
        <li
          class="HvVerticalNavigationTreeViewItem-node HvVerticalNavigationTreeViewItem-selectable HvVerticalNavigationTreeViewItem-unselected css-1y9s9wc-StyledNode er1eqbm1"
          id="hvtreeview2-10"
        >
          <div
            class="HvVerticalNavigationTreeViewItem-content er1eqbm0 HvTypography-root HvTypography-body css-1gfazkx-getStyledComponent-StyledContent e1tnpalo0"
            id="hvtreeview2-10-button"
            role="button"
            style="padding-left: 20px;"
            tabindex="0"
          >
            Log Bundle
          </div>
        </li>
      </ul>
    </li>
  </ul>
</div>
`;
