// Vitest Snapshot v1, https://vitest.dev/guide/snapshot.html

exports[`VerticalNavigation - Header > should render correctly 1`] = `
<div>
  <div
    class="HvVerticalNavigationHeader-root css-7xt91a-StyledHeader e1arrhkt1"
  >
    <h3
      class="HvTypography-root HvTypography-title3 css-bj1yqo-getStyledComponent e1tnpalo0"
    >
      Menu
    </h3>
  </div>
</div>
`;
