// Vitest Snapshot v1, https://vitest.dev/guide/snapshot.html

exports[`HvWizard > should render correctly 1`] = `
<div
  aria-hidden="true"
/>
`;
