// Vitest Snapshot v1

exports[`Suggestions > should render correctly 1`] = `
<div>
  <div
    class="HvSuggestions-root css-1xgkixt-StyledRoot e9u5kns2"
  />
</div>
`;
