// Vitest Snapshot v1

exports[`InfoMessage > should render correctly 1`] = `
<div>
  <label
    class=" ecu8rho0 css-6ni1wz-StyledTypography"
    variant="body"
  />
</div>
`;
