// Vitest Snapshot v1

exports[`List > should render correctly 1`] = `<div />`;
