// Vitest Snapshot v1

exports[`GlobalActions > should render correctly 1`] = `
<div>
  <div
    class="HvGlobalActions-root css-18nncdf-StyledRoot e18blyh03"
  >
    <div
      class="HvGlobalActions-wrapper css-11ugc84-StyledWrapper e18blyh01"
    />
  </div>
</div>
`;
