// Vitest Snapshot v1

exports[`Tag > should render correctly 1`] = `
<div>
  <div
    class="MuiChip-root HvTag-chipRoot MuiChip-filled MuiChip-sizeMedium MuiChip-colorDefault MuiChip-filledDefault HvTag-root e1wqgfhq1 css-5533l3-MuiChip-root-StyledChip"
    tabindex="0"
  >
    <span
      class="MuiChip-label MuiChip-labelMedium css-6od3lo-MuiChip-label"
    />
  </div>
</div>
`;
