// Vitest Snapshot v1, https://vitest.dev/guide/snapshot.html

exports[`NavigationSlider > should render correctly 1`] = `
<div>
  <ul
    class="HvListContainer-root"
  />
</div>
`;
