// Jest Snapshot v1, https://goo.gl/fbAQLP

exports[`DotPagination sample snapshot testing Main 1`] = `
<div>
  <div
    style="width: 100%; justify-content: center;"
  >
    <div
      style="text-align: center;"
    >
      <p
        class="HvTypography-root HvTypography-normalText"
      >
        This is page 1
      </p>
    </div>
    <p />
    <div
      class="HvDotPagination-root HvRadioGroup-root HvFormElement-root"
    >
      <div
        aria-label="Example Dot Navigation"
        class="HvRadioGroup-group HvRadioGroup-horizontal HvDotPagination-horizontal"
        role="navigation"
      >
        <div
          class="HvRadio-root HvDotPagination-radioRoot HvFormElement-root"
        >
          <span
            class="MuiButtonBase-root MuiRadio-root MuiRadio-colorDefault PrivateSwitchBase-root MuiRadio-root MuiRadio-colorDefault Mui-checked MuiRadio-root MuiRadio-colorDefault HvRadio-radio HvBaseRadio-root css-1gu2tss-MuiButtonBase-root-MuiRadio-root"
          >
            <input
              aria-label="first page button aria-label"
              checked=""
              class="PrivateSwitchBase-input css-1m9pwf3"
              name="hvradiogroup1"
              type="radio"
              value="0"
            />
            <div
              class="HvIconBase-root HvIconBase-xs"
              font-size="medium"
              name="CurrentStep"
            >
              <svg
                focusable="false"
                height="12"
                viewBox="0 0 16 16"
                width="12"
                xmlns="http://www.w3.org/2000/svg"
              >
                <path
                  class="color0"
                  d="M16 8a8.024 8.024 0 01-8 8 8.023 8.023 0 01-8-8 8.023 8.023 0 018-8 8.024 8.024 0 018 8z"
                  fill="#414141"
                />
              </svg>
            </div>
          </span>
        </div>
        <div
          class="HvRadio-root HvDotPagination-radioRoot HvFormElement-root"
        >
          <span
            class="MuiButtonBase-root MuiRadio-root MuiRadio-colorDefault PrivateSwitchBase-root MuiRadio-root MuiRadio-colorDefault MuiRadio-root MuiRadio-colorDefault HvRadio-radio HvBaseRadio-root css-1gu2tss-MuiButtonBase-root-MuiRadio-root"
          >
            <input
              aria-label="2 page aria-label"
              class="PrivateSwitchBase-input css-1m9pwf3"
              name="hvradiogroup1"
              type="radio"
              value="1"
            />
            <div
              class="HvIconBase-root HvIconBase-xs"
              font-size="medium"
              name="RadioButtonUnselected"
            >
              <svg
                focusable="false"
                height="12"
                viewBox="0 0 16 16"
                width="12"
                xmlns="http://www.w3.org/2000/svg"
              >
                <path
                  class="color0"
                  d="M8 15.5a7.525 7.525 0 115.3-2.2A7.446 7.446 0 018 15.5z"
                  fill="#FBFCFC"
                />
                <path
                  class="color1"
                  d="M8 15a7.023 7.023 0 10-4.943-2.057A6.953 6.953 0 008 15m0 1a8 8 0 118-8 8 8 0 01-8 8z"
                  fill="#414141"
                />
              </svg>
            </div>
          </span>
        </div>
        <div
          class="HvRadio-root HvDotPagination-radioRoot HvFormElement-root"
        >
          <span
            class="MuiButtonBase-root MuiRadio-root MuiRadio-colorDefault PrivateSwitchBase-root MuiRadio-root MuiRadio-colorDefault MuiRadio-root MuiRadio-colorDefault HvRadio-radio HvBaseRadio-root css-1gu2tss-MuiButtonBase-root-MuiRadio-root"
          >
            <input
              aria-label="3 page aria-label"
              class="PrivateSwitchBase-input css-1m9pwf3"
              name="hvradiogroup1"
              type="radio"
              value="2"
            />
            <div
              class="HvIconBase-root HvIconBase-xs"
              font-size="medium"
              name="RadioButtonUnselected"
            >
              <svg
                focusable="false"
                height="12"
                viewBox="0 0 16 16"
                width="12"
                xmlns="http://www.w3.org/2000/svg"
              >
                <path
                  class="color0"
                  d="M8 15.5a7.525 7.525 0 115.3-2.2A7.446 7.446 0 018 15.5z"
                  fill="#FBFCFC"
                />
                <path
                  class="color1"
                  d="M8 15a7.023 7.023 0 10-4.943-2.057A6.953 6.953 0 008 15m0 1a8 8 0 118-8 8 8 0 01-8 8z"
                  fill="#414141"
                />
              </svg>
            </div>
          </span>
        </div>
        <div
          class="HvRadio-root HvDotPagination-radioRoot HvFormElement-root"
        >
          <span
            class="MuiButtonBase-root MuiRadio-root MuiRadio-colorDefault PrivateSwitchBase-root MuiRadio-root MuiRadio-colorDefault MuiRadio-root MuiRadio-colorDefault HvRadio-radio HvBaseRadio-root css-1gu2tss-MuiButtonBase-root-MuiRadio-root"
          >
            <input
              aria-label="4 page aria-label"
              class="PrivateSwitchBase-input css-1m9pwf3"
              name="hvradiogroup1"
              type="radio"
              value="3"
            />
            <div
              class="HvIconBase-root HvIconBase-xs"
              font-size="medium"
              name="RadioButtonUnselected"
            >
              <svg
                focusable="false"
                height="12"
                viewBox="0 0 16 16"
                width="12"
                xmlns="http://www.w3.org/2000/svg"
              >
                <path
                  class="color0"
                  d="M8 15.5a7.525 7.525 0 115.3-2.2A7.446 7.446 0 018 15.5z"
                  fill="#FBFCFC"
                />
                <path
                  class="color1"
                  d="M8 15a7.023 7.023 0 10-4.943-2.057A6.953 6.953 0 008 15m0 1a8 8 0 118-8 8 8 0 01-8 8z"
                  fill="#414141"
                />
              </svg>
            </div>
          </span>
        </div>
        <div
          class="HvRadio-root HvDotPagination-radioRoot HvFormElement-root"
        >
          <span
            class="MuiButtonBase-root MuiRadio-root MuiRadio-colorDefault PrivateSwitchBase-root MuiRadio-root MuiRadio-colorDefault MuiRadio-root MuiRadio-colorDefault HvRadio-radio HvBaseRadio-root css-1gu2tss-MuiButtonBase-root-MuiRadio-root"
          >
            <input
              aria-label="last page button aria-label"
              class="PrivateSwitchBase-input css-1m9pwf3"
              name="hvradiogroup1"
              type="radio"
              value="4"
            />
            <div
              class="HvIconBase-root HvIconBase-xs"
              font-size="medium"
              name="RadioButtonUnselected"
            >
              <svg
                focusable="false"
                height="12"
                viewBox="0 0 16 16"
                width="12"
                xmlns="http://www.w3.org/2000/svg"
              >
                <path
                  class="color0"
                  d="M8 15.5a7.525 7.525 0 115.3-2.2A7.446 7.446 0 018 15.5z"
                  fill="#FBFCFC"
                />
                <path
                  class="color1"
                  d="M8 15a7.023 7.023 0 10-4.943-2.057A6.953 6.953 0 008 15m0 1a8 8 0 118-8 8 8 0 01-8 8z"
                  fill="#414141"
                />
              </svg>
            </div>
          </span>
        </div>
      </div>
    </div>
  </div>
</div>
`;
