// Vitest Snapshot v1

exports[`Snackbar > should render correctly 1`] = `<div />`;
