// Vitest Snapshot v1

exports[`Container > should render correctly 1`] = `
<div>
  <div
    class="MuiContainer-root HvContainer-root eq8pv0f0 css-obtrrd-MuiContainer-root-StyledRoot"
  />
</div>
`;
