// Vitest Snapshot v1

exports[`Panel > should render correctly 1`] = `
<div>
  <div
    class="HvPanel-root css-r49k44-StyledDiv e1sxb3mk0"
  >
    <p
      class="css-1yeqqqs"
      variant="body"
    >
      Panel Content
    </p>
  </div>
</div>
`;
