// Vitest Snapshot v1

exports[`MultiButton > should render correctly 1`] = `
<div>
  <div
    class=" css-1bscudw-StyledRoot ehjsuxy1"
  />
</div>
`;
